// Jest Snapshot v1, https://goo.gl/fbAQLP

exports[`<AboutUs /> it should render correctly 1`] = `
<View
  style={
    Object {
      "flex": 1,
    }
  }
>
  <View
    style={
      Array [
        Object {
          "flex": 1,
          "overflow": "hidden",
        },
        undefined,
      ]
    }
  >
    <RNCWebView
      cacheEnabled={true}
      injectedJavaScriptBeforeContentLoadedForMainFrameOnly={true}
      injectedJavaScriptForMainFrameOnly={true}
      javaScriptEnabled={true}
      messagingEnabled={true}
      onContentProcessDidTerminate={[Function]}
      onHttpError={[Function]}
      onLoadingError={[Function]}
      onLoadingFinish={[Function]}
      onLoadingProgress={[Function]}
      onLoadingStart={[Function]}
      onMessage={[Function]}
      onShouldStartLoadWithRequest={[Function]}
      source={
        Object {
          "uri": "https://up.physicaldiagnosispdx.com/up/app-content/server-screens/AboutUs.php",
        }
      }
      style={
        Array [
          Object {
            "flex": 1,
            "overflow": "hidden",
          },
          Object {
            "backgroundColor": "#ffffff",
          },
          undefined,
        ]
      }
      textInteractionEnabled={true}
      useSharedProcessPool={true}
    />
  </View>
</View>
`;
