// Jest Snapshot v1, https://goo.gl/fbAQLP

exports[`<Activites/> renders correctly 1`] = `
<View
  style={
    Object {
      "backgroundColor": "#BFAA8C",
      "flex": 1,
      "height": 1334,
      "width": 750,
    }
  }
>
  <View
    style={
      Array [
        Object {
          "flex": 1,
          "overflow": "hidden",
        },
        undefined,
      ]
    }
  >
    <RNCWebView
      cacheEnabled={true}
      injectedJavaScriptBeforeContentLoadedForMainFrameOnly={true}
      injectedJavaScriptForMainFrameOnly={true}
      javaScriptEnabled={true}
      messagingEnabled={true}
      onContentProcessDidTerminate={[Function]}
      onHttpError={[Function]}
      onLoadingError={[Function]}
      onLoadingFinish={[Function]}
      onLoadingProgress={[Function]}
      onLoadingStart={[Function]}
      onMessage={[Function]}
      onShouldStartLoadWithRequest={[Function]}
      source={
        Object {
          "uri": "https://physicaldiagnosispdx.com/message-board-2/",
        }
      }
      style={
        Array [
          Object {
            "flex": 1,
            "overflow": "hidden",
          },
          Object {
            "backgroundColor": "#ffffff",
          },
          Object {
            "marginBottom": -400,
            "marginTop": -370,
            "resizeMode": "stretch",
            "top": 40,
          },
        ]
      }
      textInteractionEnabled={true}
      useSharedProcessPool={true}
    />
  </View>
</View>
`;
