// Jest Snapshot v1, https://goo.gl/fbAQLP

exports[`<Login /> renders correctly 1`] = `
<View
  onLayout={[Function]}
  style={
    Object {
      "flex": 1,
    }
  }
>
  <RCTScrollView>
    <View>
      <View
        accessible={true}
        className="sc-bdvvtL doFzNs"
        focusable={true}
        onClick={[Function]}
        onResponderGrant={[Function]}
        onResponderMove={[Function]}
        onResponderRelease={[Function]}
        onResponderTerminate={[Function]}
        onResponderTerminationRequest={[Function]}
        onStartShouldSetResponder={[Function]}
      >
        <View
          className="sc-gsDKAQ rZFaE"
        >
          <Image
            className="sc-dkPtRN fQWDve"
            resizeMode="contain"
            source={1}
          />
          <Text
            className="sc-hKwDye fAcRlN"
          >
            Account Login
          </Text>
          <View
            className="sc-eCImPb kMRaWM"
          >
            <View>
              <View
                className="sc-iCfMLu eAWtPN"
              >
                <Text />
              </View>
              <Text
                className="sc-gKclnd dsijCe"
              >
                Username
              </Text>
              <TextInput
                className="sc-jRQBWg fNWPqr"
                onBlur={[Function]}
                onChangeText={[Function]}
                placeholder="username"
                placeholderTextColor="#ff000067"
                testID="username-input"
                value=""
              />
            </View>
            <View>
              <View
                className="sc-iCfMLu eAWtPN"
              >
                <Text />
              </View>
              <Text
                className="sc-gKclnd dsijCe"
              >
                Password
              </Text>
              <TextInput
                className="sc-jRQBWg fNWPqr"
                onBlur={[Function]}
                onChangeText={[Function]}
                placeholder="********"
                placeholderTextColor="#ff000067"
                secureTextEntry={true}
                testID="password-input"
                value=""
              />
              <View
                accessible={true}
                collapsable={false}
                focusable={true}
                onClick={[Function]}
                onResponderGrant={[Function]}
                onResponderMove={[Function]}
                onResponderRelease={[Function]}
                onResponderTerminate={[Function]}
                onResponderTerminationRequest={[Function]}
                onStartShouldSetResponder={[Function]}
                style={
                  Object {
                    "opacity": 1,
                  }
                }
              >
                <Text />
              </View>
            </View>
            <Text
              className="sc-kDTinF cbWaEe"
              testID="msgbox"
              type=""
            />
            <View
              accessible={true}
              collapsable={false}
              focusable={true}
              onClick={[Function]}
              onResponderGrant={[Function]}
              onResponderMove={[Function]}
              onResponderRelease={[Function]}
              onResponderTerminate={[Function]}
              onResponderTerminationRequest={[Function]}
              onStartShouldSetResponder={[Function]}
              style={
                Object {
                  "opacity": 1,
                }
              }
              testID="loginbutton"
            >
              <Text
                className="sc-jrQzAO clQugR"
              >
                Login
              </Text>
            </View>
            <View
              className="sc-iqseJM eaIHBU"
            />
            <View
              className="sc-crHmcD lcNXni"
            >
              <Text
                className="sc-egiyK eqlRhB"
              >
                Don't have an account? 
              </Text>
              <View
                accessible={true}
                collapsable={false}
                focusable={true}
                onClick={[Function]}
                onResponderGrant={[Function]}
                onResponderMove={[Function]}
                onResponderRelease={[Function]}
                onResponderTerminate={[Function]}
                onResponderTerminationRequest={[Function]}
                onStartShouldSetResponder={[Function]}
                style={
                  Object {
                    "opacity": 1,
                  }
                }
                testID="signup-link"
              >
                <Text
                  className="sc-ksdxgE fErdV"
                >
                  Signup
                </Text>
              </View>
            </View>
            <View
              className="sc-crHmcD lcNXni"
            >
              <View
                accessible={true}
                collapsable={false}
                focusable={true}
                onClick={[Function]}
                onResponderGrant={[Function]}
                onResponderMove={[Function]}
                onResponderRelease={[Function]}
                onResponderTerminate={[Function]}
                onResponderTerminationRequest={[Function]}
                onStartShouldSetResponder={[Function]}
                style={
                  Object {
                    "backgroundColor": "gray",
                    "borderRadius": 5,
                    "opacity": 1,
                    "padding": "3%",
                    "width": "105%",
                  }
                }
              >
                <Text
                  style={
                    Object {
                      "color": "white",
                      "fontSize": 25,
                      "textAlign": "center",
                    }
                  }
                >
                  Continue as Guest
                </Text>
              </View>
            </View>
          </View>
        </View>
      </View>
    </View>
  </RCTScrollView>
</View>
`;
