// Jest Snapshot v1, https://goo.gl/fbAQLP

exports[`<MainMenu /> renders correctly 1`] = `
<View
  style={
    Object {
      "alignItems": "center",
      "backgroundColor": "#4B4645",
      "flex": 1,
      "height": 1334,
      "justifyContent": "center",
      "width": 750,
    }
  }
>
  <Image
    blurRadius={1}
    source={1}
    style={
      Object {
        "aspectRatio": 1,
        "height": "40%",
        "position": "absolute",
        "resizeMode": "stretch",
        "top": -60,
        "width": "100%",
      }
    }
  />
  <Text
    style={
      Object {
        "color": "white",
        "fontSize": 50,
        "fontWeight": "bold",
        "position": "absolute",
        "textAlign": "center",
        "textShadowColor": "#585858",
        "textShadowOffset": Object {
          "height": 5,
          "width": 5,
        },
        "textShadowRadius": 10,
        "top": "5%",
      }
    }
  >
    Good evening
    , 
    
undefined
  </Text>
  <View
    style={
      Object {
        "borderBottomColor": "grey",
        "borderBottomWidth": 6,
        "borderRadius": 12,
        "left": "5%",
        "position": "absolute",
        "top": 433.55,
        "width": 100,
      }
    }
  />
  <Text
    className="sc-egiyK eqlRhB"
    style={
      Object {
        "alignContent": "center",
        "color": "white",
        "fontSize": 50,
        "fontWeight": "bold",
        "textShadowColor": "#585858",
        "textShadowOffset": Object {
          "height": 9,
          "width": 1,
        },
        "textShadowRadius": 10,
        "top": "28%",
      }
    }
  >
    PDX
  </Text>
  <View
    style={
      Object {
        "borderBottomColor": "grey",
        "borderBottomWidth": 6,
        "borderRadius": 12,
        "position": "absolute",
        "right": "5%",
        "top": 433.55,
        "width": 100,
      }
    }
  />
  <View
    style={
      Object {
        "alignItems": "center",
        "backgroundColor": "white",
        "borderColor": "red",
        "borderRadius": 30,
        "height": "50%",
        "justifyContent": "center",
        "marginBottom": "10%",
        "marginTop": "50%",
        "padding": 10,
        "position": "relative",
        "top": "5%",
        "width": "90%",
      }
    }
  >
    <View
      accessible={true}
      collapsable={false}
      focusable={true}
      onClick={[Function]}
      onResponderGrant={[Function]}
      onResponderMove={[Function]}
      onResponderRelease={[Function]}
      onResponderTerminate={[Function]}
      onResponderTerminationRequest={[Function]}
      onStartShouldSetResponder={[Function]}
      style={
        Object {
          "alignItems": "center",
          "backgroundColor": "red",
          "borderRadius": 30,
          "marginTop": 20.84375,
          "opacity": 1,
          "paddingVertical": 10,
          "width": "75%",
        }
      }
      testID="buttonOne"
    >
      <Text
        style={
          Object {
            "color": "white",
            "fontSize": 25,
            "fontWeight": "bold",
          }
        }
      >
        Topics
      </Text>
    </View>
    <View
      accessible={true}
      collapsable={false}
      focusable={true}
      onClick={[Function]}
      onResponderGrant={[Function]}
      onResponderMove={[Function]}
      onResponderRelease={[Function]}
      onResponderTerminate={[Function]}
      onResponderTerminationRequest={[Function]}
      onStartShouldSetResponder={[Function]}
      style={
        Object {
          "alignItems": "center",
          "backgroundColor": "red",
          "borderRadius": 30,
          "marginTop": 20.84375,
          "opacity": 1,
          "paddingVertical": 10,
          "width": "75%",
        }
      }
      testID="buttonTwo"
    >
      <Text
        style={
          Object {
            "color": "white",
            "fontSize": 25,
            "fontWeight": "bold",
          }
        }
      >
        Lectures
      </Text>
    </View>
    <View
      accessible={true}
      collapsable={false}
      focusable={true}
      onClick={[Function]}
      onResponderGrant={[Function]}
      onResponderMove={[Function]}
      onResponderRelease={[Function]}
      onResponderTerminate={[Function]}
      onResponderTerminationRequest={[Function]}
      onStartShouldSetResponder={[Function]}
      style={
        Object {
          "alignItems": "center",
          "backgroundColor": "red",
          "borderRadius": 30,
          "marginTop": 20.84375,
          "opacity": 1,
          "paddingVertical": 10,
          "width": "75%",
        }
      }
      testID="buttonThree"
    >
      <Text
        style={
          Object {
            "color": "white",
            "fontSize": 25,
            "fontWeight": "bold",
          }
        }
      >
        Books
      </Text>
    </View>
    <View
      accessible={true}
      collapsable={false}
      focusable={true}
      onClick={[Function]}
      onResponderGrant={[Function]}
      onResponderMove={[Function]}
      onResponderRelease={[Function]}
      onResponderTerminate={[Function]}
      onResponderTerminationRequest={[Function]}
      onStartShouldSetResponder={[Function]}
      style={
        Object {
          "alignItems": "center",
          "backgroundColor": "red",
          "borderRadius": 30,
          "marginTop": 20.84375,
          "opacity": 1,
          "paddingVertical": 10,
          "width": "75%",
        }
      }
      testID="buttonFour"
    >
      <Text
        style={
          Object {
            "color": "white",
            "fontSize": 25,
            "fontWeight": "bold",
          }
        }
      >
        Our Team
      </Text>
    </View>
    <View
      accessible={true}
      collapsable={false}
      focusable={true}
      onClick={[Function]}
      onResponderGrant={[Function]}
      onResponderMove={[Function]}
      onResponderRelease={[Function]}
      onResponderTerminate={[Function]}
      onResponderTerminationRequest={[Function]}
      onStartShouldSetResponder={[Function]}
      style={
        Object {
          "alignItems": "center",
          "backgroundColor": "red",
          "borderRadius": 30,
          "marginTop": 20.84375,
          "opacity": 1,
          "paddingVertical": 10,
          "width": "75%",
        }
      }
      testID="buttonFive"
    >
      <Text
        style={
          Object {
            "color": "white",
            "fontSize": 25,
            "fontWeight": "bold",
          }
        }
      >
        About Us
      </Text>
    </View>
  </View>
</View>
`;
